Archive member included to satisfy reference by file (symbol)

c:/program files/microchip/xc8/v3.00/avr/bin/../lib/gcc/avr/5.4.0/avrxmega3/short-calls\libgcc.a(_udivmodsi4.o)
                              build/Default/production/Inv_Ctrlr.o (__udivmodsi4)
c:/program files/microchip/xc8/v3.00/avr/bin/../lib/gcc/avr/5.4.0/avrxmega3/short-calls\libgcc.a(_copy_data.o)
                              build/Default/production/Inv_Ctrlr.o (__do_copy_data)
c:/program files/microchip/xc8/v3.00/avr/bin/../lib/gcc/avr/5.4.0/avrxmega3/short-calls\libgcc.a(_umulhisi3.o)
                              build/Default/production/Inv_Ctrlr.o (__umulhisi3)
c:/program files/microchip/xc8/v3.00/avr/bin/../lib/gcc/avr/5.4.0/../../../../avr/lib/avrxmega3/short-calls\libc.a(exit.o)
                              C:/Program Files/Microchip/xc8/v3.00/dfp/xc8/avr/lib/avrxmega3/short-calls/crtattiny417.o (exit)
c:/program files/microchip/xc8/v3.00/avr/bin/../lib/gcc/avr/5.4.0/../../../../avr/lib/avrxmega3/short-calls\libc.a(__sio_printf_s.o)
                              build/Default/production/examples/src/usart_basic_example.o (_printf_s)
c:/program files/microchip/xc8/v3.00/avr/bin/../lib/gcc/avr/5.4.0/../../../../avr/lib/avrxmega3/short-calls\libc.a(__fmt_s.o)
                              c:/program files/microchip/xc8/v3.00/avr/bin/../lib/gcc/avr/5.4.0/../../../../avr/lib/avrxmega3/short-calls\libc.a(__sio_printf_s.o) (__fmt_s_needed)
c:/program files/microchip/xc8/v3.00/avr/bin/../lib/gcc/avr/5.4.0/../../../../avr/lib/avrxmega3/short-calls\libc.a(__printf_core.o)
                              c:/program files/microchip/xc8/v3.00/avr/bin/../lib/gcc/avr/5.4.0/../../../../avr/lib/avrxmega3/short-calls\libc.a(__fmt_s.o) (__pad)
c:/program files/microchip/xc8/v3.00/avr/bin/../lib/gcc/avr/5.4.0/../../../../avr/lib/avrxmega3/short-calls\libc.a(fputc.o)
                              c:/program files/microchip/xc8/v3.00/avr/bin/../lib/gcc/avr/5.4.0/../../../../avr/lib/avrxmega3/short-calls\libc.a(__printf_core.o) (fputc)
c:/program files/microchip/xc8/v3.00/avr/bin/../lib/gcc/avr/5.4.0/../../../../avr/lib/avrxmega3/short-calls\libc.a(stdout.o)
                              c:/program files/microchip/xc8/v3.00/avr/bin/../lib/gcc/avr/5.4.0/../../../../avr/lib/avrxmega3/short-calls\libc.a(__sio_printf_s.o) (_stdout)
c:/program files/microchip/xc8/v3.00/avr/bin/../lib/gcc/avr/5.4.0/../../../../avr/lib/avrxmega3/short-calls\libc.a(strlen.o)
                              c:/program files/microchip/xc8/v3.00/avr/bin/../lib/gcc/avr/5.4.0/../../../../avr/lib/avrxmega3/short-calls\libc.a(__fmt_s.o) (strlen)
c:/program files/microchip/xc8/v3.00/avr/bin/../lib/gcc/avr/5.4.0/../../../../avr/lib/avrxmega3/short-calls\libc.a(strncmp.o)
                              build/Default/production/examples/src/usart_basic_example.o (strncmp)
c:/program files/microchip/xc8/v3.00/avr/bin/../lib/gcc/avr/5.4.0/../../../../avr/lib/avrxmega3/short-calls\libc.a(tolower.o)
                              c:/program files/microchip/xc8/v3.00/avr/bin/../lib/gcc/avr/5.4.0/../../../../avr/lib/avrxmega3/short-calls\libc.a(__printf_core.o) (tolower)
c:/program files/microchip/xc8/v3.00/avr/bin/../lib/gcc/avr/5.4.0/../../../../avr/lib/avrxmega3/short-calls\libc.a(errno.o)
                              c:/program files/microchip/xc8/v3.00/avr/bin/../lib/gcc/avr/5.4.0/../../../../avr/lib/avrxmega3/short-calls\libc.a(__printf_core.o) (__errno_val)
c:/program files/microchip/xc8/v3.00/avr/bin/../lib/gcc/avr/5.4.0/../../../../avr/lib/avrxmega3/short-calls\libc.a(_Exit.o)
                              c:/program files/microchip/xc8/v3.00/avr/bin/../lib/gcc/avr/5.4.0/../../../../avr/lib/avrxmega3/short-calls\libc.a(exit.o) (_Exit)
c:/program files/microchip/xc8/v3.00/avr/bin/../lib/gcc/avr/5.4.0/../../../../avr/lib/avrxmega3/short-calls\libc.a(__int_vfprintf.o)
                              c:/program files/microchip/xc8/v3.00/avr/bin/../lib/gcc/avr/5.4.0/../../../../avr/lib/avrxmega3/short-calls\libc.a(__sio_printf_s.o) (__vfprintf)
c:/program files/microchip/xc8/v3.00/avr/bin/../lib/gcc/avr/5.4.0/avrxmega3/short-calls\libgcc.a(_exit.o)
                              c:/program files/microchip/xc8/v3.00/avr/bin/../lib/gcc/avr/5.4.0/../../../../avr/lib/avrxmega3/short-calls\libc.a(_Exit.o) (_exit)
c:/program files/microchip/xc8/v3.00/avr/bin/../lib/gcc/avr/5.4.0/avrxmega3/short-calls\libgcc.a(_prologue.o)
                              c:/program files/microchip/xc8/v3.00/avr/bin/../lib/gcc/avr/5.4.0/../../../../avr/lib/avrxmega3/short-calls\libc.a(__sio_printf_s.o) (__prologue_saves__)
c:/program files/microchip/xc8/v3.00/avr/bin/../lib/gcc/avr/5.4.0/avrxmega3/short-calls\libgcc.a(_epilogue.o)
                              c:/program files/microchip/xc8/v3.00/avr/bin/../lib/gcc/avr/5.4.0/../../../../avr/lib/avrxmega3/short-calls\libc.a(__sio_printf_s.o) (__epilogue_restores__)

Allocating common symbols
Common symbol       size              file

__stdout_used       0x2               c:/program files/microchip/xc8/v3.00/avr/bin/../lib/gcc/avr/5.4.0/../../../../avr/lib/avrxmega3/short-calls\libc.a(stdout.o)
__errno_val         0x2               c:/program files/microchip/xc8/v3.00/avr/bin/../lib/gcc/avr/5.4.0/../../../../avr/lib/avrxmega3/short-calls\libc.a(errno.o)

Discarded input sections

 .data          0x0000000000000000        0x0 C:/Program Files/Microchip/xc8/v3.00/dfp/xc8/avr/lib/avrxmega3/short-calls/crtattiny417.o
 .bss           0x0000000000000000        0x0 C:/Program Files/Microchip/xc8/v3.00/dfp/xc8/avr/lib/avrxmega3/short-calls/crtattiny417.o
 .text          0x0000000000000000        0x0 build/Default/production/examples/src/usart_basic_example.o
 .data          0x0000000000000000        0x0 build/Default/production/examples/src/usart_basic_example.o
 .bss           0x0000000000000000        0x0 build/Default/production/examples/src/usart_basic_example.o
 .rodata        0x0000000000000000        0x9 build/Default/production/examples/src/usart_basic_example.o
 .text.USART_0_test_usart_basic
                0x0000000000000000       0x66 build/Default/production/examples/src/usart_basic_example.o
 .bss.rx        0x0000000000000000       0x10 build/Default/production/examples/src/usart_basic_example.o
 .debug_info    0x0000000000000000      0x36e build/Default/production/examples/src/usart_basic_example.o
 .debug_abbrev  0x0000000000000000       0xc2 build/Default/production/examples/src/usart_basic_example.o
 .debug_loc     0x0000000000000000       0x27 build/Default/production/examples/src/usart_basic_example.o
 .debug_aranges
                0x0000000000000000       0x20 build/Default/production/examples/src/usart_basic_example.o
 .debug_ranges  0x0000000000000000       0x10 build/Default/production/examples/src/usart_basic_example.o
 .debug_line    0x0000000000000000      0x141 build/Default/production/examples/src/usart_basic_example.o
 .debug_str     0x0000000000000000        0xd build/Default/production/examples/src/usart_basic_example.o
 .comment       0x0000000000000000       0x30 build/Default/production/examples/src/usart_basic_example.o
 .debug_frame   0x0000000000000000       0x4c build/Default/production/examples/src/usart_basic_example.o
 .text          0x0000000000000000        0x0 build/Default/production/src/driver_init.o
 .data          0x0000000000000000        0x0 build/Default/production/src/driver_init.o
 .bss           0x0000000000000000        0x0 build/Default/production/src/driver_init.o
 .text          0x0000000000000000        0x0 build/Default/production/src/bod.o
 .data          0x0000000000000000        0x0 build/Default/production/src/bod.o
 .bss           0x0000000000000000        0x0 build/Default/production/src/bod.o
 .text          0x0000000000000000        0x0 build/Default/production/src/clkctrl.o
 .data          0x0000000000000000        0x0 build/Default/production/src/clkctrl.o
 .bss           0x0000000000000000        0x0 build/Default/production/src/clkctrl.o
 .text          0x0000000000000000        0x0 build/Default/production/src/cpuint.o
 .data          0x0000000000000000        0x0 build/Default/production/src/cpuint.o
 .bss           0x0000000000000000        0x0 build/Default/production/src/cpuint.o
 .text          0x0000000000000000        0x0 build/Default/production/src/protected_io.o
 .data          0x0000000000000000        0x0 build/Default/production/src/protected_io.o
 .bss           0x0000000000000000        0x0 build/Default/production/src/protected_io.o
 .text          0x0000000000000000        0x0 build/Default/production/src/slpctrl.o
 .data          0x0000000000000000        0x0 build/Default/production/src/slpctrl.o
 .bss           0x0000000000000000        0x0 build/Default/production/src/slpctrl.o
 .text.SLPCTRL_set_sleep_mode
                0x0000000000000000       0x10 build/Default/production/src/slpctrl.o
 .text          0x0000000000000000        0x0 build/Default/production/src/tca.o
 .data          0x0000000000000000        0x0 build/Default/production/src/tca.o
 .bss           0x0000000000000000        0x0 build/Default/production/src/tca.o
 .text          0x0000000000000000        0x0 build/Default/production/src/usart_basic.o
 .data          0x0000000000000000        0x0 build/Default/production/src/usart_basic.o
 .bss           0x0000000000000000        0x0 build/Default/production/src/usart_basic.o
 .text.USART_0_enable
                0x0000000000000000        0xc build/Default/production/src/usart_basic.o
 .text.USART_0_enable_rx
                0x0000000000000000        0xc build/Default/production/src/usart_basic.o
 .text.USART_0_enable_tx
                0x0000000000000000        0xc build/Default/production/src/usart_basic.o
 .text.USART_0_disable
                0x0000000000000000        0xc build/Default/production/src/usart_basic.o
 .text.USART_0_get_data
                0x0000000000000000        0x6 build/Default/production/src/usart_basic.o
 .text.USART_0_is_tx_ready
                0x0000000000000000        0xc build/Default/production/src/usart_basic.o
 .text.USART_0_is_rx_ready
                0x0000000000000000        0xc build/Default/production/src/usart_basic.o
 .text.USART_0_is_tx_busy
                0x0000000000000000       0x10 build/Default/production/src/usart_basic.o
 .text.USART_0_read
                0x0000000000000000       0x10 build/Default/production/src/usart_basic.o
 .text.USART_0_write
                0x0000000000000000       0x10 build/Default/production/src/usart_basic.o
 .text          0x0000000000000000        0x0 build/Default/production/src/ac.o
 .data          0x0000000000000000        0x0 build/Default/production/src/ac.o
 .bss           0x0000000000000000        0x0 build/Default/production/src/ac.o
 .text          0x0000000000000000        0x0 build/Default/production/src/vref.o
 .data          0x0000000000000000        0x0 build/Default/production/src/vref.o
 .bss           0x0000000000000000        0x0 build/Default/production/src/vref.o
 .text          0x0000000000000000        0x0 build/Default/production/main.o
 .data          0x0000000000000000        0x0 build/Default/production/main.o
 .bss           0x0000000000000000        0x0 build/Default/production/main.o
 .bss.softstop_old
                0x0000000000000000        0x2 build/Default/production/main.o
 .bss.softstop_step
                0x0000000000000000        0x2 build/Default/production/main.o
 .bss.softstart_step
                0x0000000000000000        0x2 build/Default/production/main.o
 .bss.softstop  0x0000000000000000        0x2 build/Default/production/main.o
 .bss.Pwm_max_u16
                0x0000000000000000        0x2 build/Default/production/main.o
 .bss.Pwm_B_u16
                0x0000000000000000        0x2 build/Default/production/main.o
 .bss.Pwm_A_u16
                0x0000000000000000        0x2 build/Default/production/main.o
 .text          0x0000000000000000        0x0 build/Default/production/driver_isr.o
 .data          0x0000000000000000        0x0 build/Default/production/driver_isr.o
 .bss           0x0000000000000000        0x0 build/Default/production/driver_isr.o
 .text          0x0000000000000000        0x0 build/Default/production/atmel_start.o
 .data          0x0000000000000000        0x0 build/Default/production/atmel_start.o
 .bss           0x0000000000000000        0x0 build/Default/production/atmel_start.o
 .text          0x0000000000000000        0x0 build/Default/production/Inv_Ctrlr.o
 .data          0x0000000000000000        0x0 build/Default/production/Inv_Ctrlr.o
 .bss           0x0000000000000000        0x0 build/Default/production/Inv_Ctrlr.o
 .text.INV_DIP_SW
                0x0000000000000000        0x8 build/Default/production/Inv_Ctrlr.o
 .text.INV_DIP_SW_TON
                0x0000000000000000        0x8 build/Default/production/Inv_Ctrlr.o
 .text.set_PWM  0x0000000000000000       0x3c build/Default/production/Inv_Ctrlr.o
 .text.rd_new_PWM
                0x0000000000000000       0xdc build/Default/production/Inv_Ctrlr.o
 .bss.dip_sw_t  0x0000000000000000        0x1 build/Default/production/Inv_Ctrlr.o
 .bss.m         0x0000000000000000        0x4 build/Default/production/Inv_Ctrlr.o
 .bss.l         0x0000000000000000        0x4 build/Default/production/Inv_Ctrlr.o
 .bss.i         0x0000000000000000        0x2 build/Default/production/Inv_Ctrlr.o
 .bss.pwm_ui    0x0000000000000000        0x2 build/Default/production/Inv_Ctrlr.o
 .rodata.pwm_ton_tbl
                0x0000000000000000        0x8 build/Default/production/Inv_Ctrlr.o
 .text          0x0000000000000000        0x0 c:/program files/microchip/xc8/v3.00/avr/bin/../lib/gcc/avr/5.4.0/avrxmega3/short-calls\libgcc.a(_udivmodsi4.o)
 .data          0x0000000000000000        0x0 c:/program files/microchip/xc8/v3.00/avr/bin/../lib/gcc/avr/5.4.0/avrxmega3/short-calls\libgcc.a(_udivmodsi4.o)
 .bss           0x0000000000000000        0x0 c:/program files/microchip/xc8/v3.00/avr/bin/../lib/gcc/avr/5.4.0/avrxmega3/short-calls\libgcc.a(_udivmodsi4.o)
 .text.libgcc.mul
                0x0000000000000000        0x0 c:/program files/microchip/xc8/v3.00/avr/bin/../lib/gcc/avr/5.4.0/avrxmega3/short-calls\libgcc.a(_udivmodsi4.o)
 .text.libgcc.div
                0x0000000000000000       0x44 c:/program files/microchip/xc8/v3.00/avr/bin/../lib/gcc/avr/5.4.0/avrxmega3/short-calls\libgcc.a(_udivmodsi4.o)
 .stack.descriptors.hdr
                0x0000000000000000        0xe c:/program files/microchip/xc8/v3.00/avr/bin/../lib/gcc/avr/5.4.0/avrxmega3/short-calls\libgcc.a(_udivmodsi4.o)
 .stack.descriptors
                0x0000000000000000       0x1a c:/program files/microchip/xc8/v3.00/avr/bin/../lib/gcc/avr/5.4.0/avrxmega3/short-calls\libgcc.a(_udivmodsi4.o)
 .text.libgcc   0x0000000000000000        0x0 c:/program files/microchip/xc8/v3.00/avr/bin/../lib/gcc/avr/5.4.0/avrxmega3/short-calls\libgcc.a(_udivmodsi4.o)
 .text.libgcc.prologue
                0x0000000000000000        0x0 c:/program files/microchip/xc8/v3.00/avr/bin/../lib/gcc/avr/5.4.0/avrxmega3/short-calls\libgcc.a(_udivmodsi4.o)
 .text.libgcc.builtins
                0x0000000000000000        0x0 c:/program files/microchip/xc8/v3.00/avr/bin/../lib/gcc/avr/5.4.0/avrxmega3/short-calls\libgcc.a(_udivmodsi4.o)
 .text.libgcc.fmul
                0x0000000000000000        0x0 c:/program files/microchip/xc8/v3.00/avr/bin/../lib/gcc/avr/5.4.0/avrxmega3/short-calls\libgcc.a(_udivmodsi4.o)
 .text.libgcc.fixed
                0x0000000000000000        0x0 c:/program files/microchip/xc8/v3.00/avr/bin/../lib/gcc/avr/5.4.0/avrxmega3/short-calls\libgcc.a(_udivmodsi4.o)
 .text          0x0000000000000000        0x0 c:/program files/microchip/xc8/v3.00/avr/bin/../lib/gcc/avr/5.4.0/avrxmega3/short-calls\libgcc.a(_copy_data.o)
 .data          0x0000000000000000        0x0 c:/program files/microchip/xc8/v3.00/avr/bin/../lib/gcc/avr/5.4.0/avrxmega3/short-calls\libgcc.a(_copy_data.o)
 .bss           0x0000000000000000        0x0 c:/program files/microchip/xc8/v3.00/avr/bin/../lib/gcc/avr/5.4.0/avrxmega3/short-calls\libgcc.a(_copy_data.o)
 .text.libgcc.mul
                0x0000000000000000        0x0 c:/program files/microchip/xc8/v3.00/avr/bin/../lib/gcc/avr/5.4.0/avrxmega3/short-calls\libgcc.a(_copy_data.o)
 .text.libgcc.div
                0x0000000000000000        0x0 c:/program files/microchip/xc8/v3.00/avr/bin/../lib/gcc/avr/5.4.0/avrxmega3/short-calls\libgcc.a(_copy_data.o)
 .text.libgcc   0x0000000000000000        0x0 c:/program files/microchip/xc8/v3.00/avr/bin/../lib/gcc/avr/5.4.0/avrxmega3/short-calls\libgcc.a(_copy_data.o)
 .text.libgcc.prologue
                0x0000000000000000        0x0 c:/program files/microchip/xc8/v3.00/avr/bin/../lib/gcc/avr/5.4.0/avrxmega3/short-calls\libgcc.a(_copy_data.o)
 .text.libgcc.builtins
                0x0000000000000000        0x0 c:/program files/microchip/xc8/v3.00/avr/bin/../lib/gcc/avr/5.4.0/avrxmega3/short-calls\libgcc.a(_copy_data.o)
 .text.libgcc.fmul
                0x0000000000000000        0x0 c:/program files/microchip/xc8/v3.00/avr/bin/../lib/gcc/avr/5.4.0/avrxmega3/short-calls\libgcc.a(_copy_data.o)
 .text.libgcc.fixed
                0x0000000000000000        0x0 c:/program files/microchip/xc8/v3.00/avr/bin/../lib/gcc/avr/5.4.0/avrxmega3/short-calls\libgcc.a(_copy_data.o)
 .text          0x0000000000000000        0x0 c:/program files/microchip/xc8/v3.00/avr/bin/../lib/gcc/avr/5.4.0/avrxmega3/short-calls\libgcc.a(_umulhisi3.o)
 .data          0x0000000000000000        0x0 c:/program files/microchip/xc8/v3.00/avr/bin/../lib/gcc/avr/5.4.0/avrxmega3/short-calls\libgcc.a(_umulhisi3.o)
 .bss           0x0000000000000000        0x0 c:/program files/microchip/xc8/v3.00/avr/bin/../lib/gcc/avr/5.4.0/avrxmega3/short-calls\libgcc.a(_umulhisi3.o)
 .text.libgcc.mul
                0x0000000000000000       0x18 c:/program files/microchip/xc8/v3.00/avr/bin/../lib/gcc/avr/5.4.0/avrxmega3/short-calls\libgcc.a(_umulhisi3.o)
 .stack.descriptors.hdr
                0x0000000000000000        0xe c:/program files/microchip/xc8/v3.00/avr/bin/../lib/gcc/avr/5.4.0/avrxmega3/short-calls\libgcc.a(_umulhisi3.o)
 .stack.descriptors
                0x0000000000000000       0x19 c:/program files/microchip/xc8/v3.00/avr/bin/../lib/gcc/avr/5.4.0/avrxmega3/short-calls\libgcc.a(_umulhisi3.o)
 .text.libgcc.div
                0x0000000000000000        0x0 c:/program files/microchip/xc8/v3.00/avr/bin/../lib/gcc/avr/5.4.0/avrxmega3/short-calls\libgcc.a(_umulhisi3.o)
 .text.libgcc   0x0000000000000000        0x0 c:/program files/microchip/xc8/v3.00/avr/bin/../lib/gcc/avr/5.4.0/avrxmega3/short-calls\libgcc.a(_umulhisi3.o)
 .text.libgcc.prologue
                0x0000000000000000        0x0 c:/program files/microchip/xc8/v3.00/avr/bin/../lib/gcc/avr/5.4.0/avrxmega3/short-calls\libgcc.a(_umulhisi3.o)
 .text.libgcc.builtins
                0x0000000000000000        0x0 c:/program files/microchip/xc8/v3.00/avr/bin/../lib/gcc/avr/5.4.0/avrxmega3/short-calls\libgcc.a(_umulhisi3.o)
 .text.libgcc.fmul
                0x0000000000000000        0x0 c:/program files/microchip/xc8/v3.00/avr/bin/../lib/gcc/avr/5.4.0/avrxmega3/short-calls\libgcc.a(_umulhisi3.o)
 .text.libgcc.fixed
                0x0000000000000000        0x0 c:/program files/microchip/xc8/v3.00/avr/bin/../lib/gcc/avr/5.4.0/avrxmega3/short-calls\libgcc.a(_umulhisi3.o)
 .text          0x0000000000000000        0x0 c:/program files/microchip/xc8/v3.00/avr/bin/../lib/gcc/avr/5.4.0/../../../../avr/lib/avrxmega3/short-calls\libc.a(exit.o)
 .data          0x0000000000000000        0x0 c:/program files/microchip/xc8/v3.00/avr/bin/../lib/gcc/avr/5.4.0/../../../../avr/lib/avrxmega3/short-calls\libc.a(exit.o)
 .bss           0x0000000000000000        0x0 c:/program files/microchip/xc8/v3.00/avr/bin/../lib/gcc/avr/5.4.0/../../../../avr/lib/avrxmega3/short-calls\libc.a(exit.o)
 .stack.descriptors
                0x0000000000000000       0x73 c:/program files/microchip/xc8/v3.00/avr/bin/../lib/gcc/avr/5.4.0/../../../../avr/lib/avrxmega3/short-calls\libc.a(exit.o)
 .text          0x0000000000000000        0x0 c:/program files/microchip/xc8/v3.00/avr/bin/../lib/gcc/avr/5.4.0/../../../../avr/lib/avrxmega3/short-calls\libc.a(__sio_printf_s.o)
 .data          0x0000000000000000        0x0 c:/program files/microchip/xc8/v3.00/avr/bin/../lib/gcc/avr/5.4.0/../../../../avr/lib/avrxmega3/short-calls\libc.a(__sio_printf_s.o)
 .bss           0x0000000000000000        0x0 c:/program files/microchip/xc8/v3.00/avr/bin/../lib/gcc/avr/5.4.0/../../../../avr/lib/avrxmega3/short-calls\libc.a(__sio_printf_s.o)
 .stack.descriptors
                0x0000000000000000       0x37 c:/program files/microchip/xc8/v3.00/avr/bin/../lib/gcc/avr/5.4.0/../../../../avr/lib/avrxmega3/short-calls\libc.a(__sio_printf_s.o)
 .text.__wrap_printf
                0x0000000000000000       0x2a c:/program files/microchip/xc8/v3.00/avr/bin/../lib/gcc/avr/5.4.0/../../../../avr/lib/avrxmega3/short-calls\libc.a(__sio_printf_s.o)
 .text.__sio_printf_s
                0x0000000000000000        0x4 c:/program files/microchip/xc8/v3.00/avr/bin/../lib/gcc/avr/5.4.0/../../../../avr/lib/avrxmega3/short-calls\libc.a(__sio_printf_s.o)
 .comment       0x0000000000000000       0x2d c:/program files/microchip/xc8/v3.00/avr/bin/../lib/gcc/avr/5.4.0/../../../../avr/lib/avrxmega3/short-calls\libc.a(__sio_printf_s.o)
 .stack.descriptors.hdr
                0x0000000000000000        0xe c:/program files/microchip/xc8/v3.00/avr/bin/../lib/gcc/avr/5.4.0/../../../../avr/lib/avrxmega3/short-calls\libc.a(__sio_printf_s.o)
 .note.GNU-stack
                0x0000000000000000        0x0 c:/program files/microchip/xc8/v3.00/avr/bin/../lib/gcc/avr/5.4.0/../../../../avr/lib/avrxmega3/short-calls\libc.a(__sio_printf_s.o)
 .text          0x0000000000000000        0x0 c:/program files/microchip/xc8/v3.00/avr/bin/../lib/gcc/avr/5.4.0/../../../../avr/lib/avrxmega3/short-calls\libc.a(__fmt_s.o)
 .data          0x0000000000000000        0x0 c:/program files/microchip/xc8/v3.00/avr/bin/../lib/gcc/avr/5.4.0/../../../../avr/lib/avrxmega3/short-calls\libc.a(__fmt_s.o)
 .bss           0x0000000000000000        0x0 c:/program files/microchip/xc8/v3.00/avr/bin/../lib/gcc/avr/5.4.0/../../../../avr/lib/avrxmega3/short-calls\libc.a(__fmt_s.o)
 .stack.descriptors
                0x0000000000000000       0x15 c:/program files/microchip/xc8/v3.00/avr/bin/../lib/gcc/avr/5.4.0/../../../../avr/lib/avrxmega3/short-calls\libc.a(__fmt_s.o)
 .text.__fmt_s  0x0000000000000000       0x4c c:/program files/microchip/xc8/v3.00/avr/bin/../lib/gcc/avr/5.4.0/../../../../avr/lib/avrxmega3/short-calls\libc.a(__fmt_s.o)
 .rodata.nuls.2781
                0x0000000000000000        0x7 c:/program files/microchip/xc8/v3.00/avr/bin/../lib/gcc/avr/5.4.0/../../../../avr/lib/avrxmega3/short-calls\libc.a(__fmt_s.o)
 .comment       0x0000000000000000       0x2d c:/program files/microchip/xc8/v3.00/avr/bin/../lib/gcc/avr/5.4.0/../../../../avr/lib/avrxmega3/short-calls\libc.a(__fmt_s.o)
 .stack.descriptors.hdr
                0x0000000000000000        0xe c:/program files/microchip/xc8/v3.00/avr/bin/../lib/gcc/avr/5.4.0/../../../../avr/lib/avrxmega3/short-calls\libc.a(__fmt_s.o)
 .note.GNU-stack
                0x0000000000000000        0x0 c:/program files/microchip/xc8/v3.00/avr/bin/../lib/gcc/avr/5.4.0/../../../../avr/lib/avrxmega3/short-calls\libc.a(__fmt_s.o)
 .text          0x0000000000000000        0x0 c:/program files/microchip/xc8/v3.00/avr/bin/../lib/gcc/avr/5.4.0/../../../../avr/lib/avrxmega3/short-calls\libc.a(__printf_core.o)
 .data          0x0000000000000000        0x0 c:/program files/microchip/xc8/v3.00/avr/bin/../lib/gcc/avr/5.4.0/../../../../avr/lib/avrxmega3/short-calls\libc.a(__printf_core.o)
 .bss           0x0000000000000000        0x0 c:/program files/microchip/xc8/v3.00/avr/bin/../lib/gcc/avr/5.4.0/../../../../avr/lib/avrxmega3/short-calls\libc.a(__printf_core.o)
 .stack.descriptors
                0x0000000000000000       0x91 c:/program files/microchip/xc8/v3.00/avr/bin/../lib/gcc/avr/5.4.0/../../../../avr/lib/avrxmega3/short-calls\libc.a(__printf_core.o)
 .text.read_prec_or_width
                0x0000000000000000       0x5c c:/program files/microchip/xc8/v3.00/avr/bin/../lib/gcc/avr/5.4.0/../../../../avr/lib/avrxmega3/short-calls\libc.a(__printf_core.o)
 .text.__out    0x0000000000000000       0x34 c:/program files/microchip/xc8/v3.00/avr/bin/../lib/gcc/avr/5.4.0/../../../../avr/lib/avrxmega3/short-calls\libc.a(__printf_core.o)
 .text.__pad    0x0000000000000000       0x68 c:/program files/microchip/xc8/v3.00/avr/bin/../lib/gcc/avr/5.4.0/../../../../avr/lib/avrxmega3/short-calls\libc.a(__printf_core.o)
 .text.__fmt_state
                0x0000000000000000       0x40 c:/program files/microchip/xc8/v3.00/avr/bin/../lib/gcc/avr/5.4.0/../../../../avr/lib/avrxmega3/short-calls\libc.a(__printf_core.o)
 .text.vfpfcnvrt
                0x0000000000000000      0x3ce c:/program files/microchip/xc8/v3.00/avr/bin/../lib/gcc/avr/5.4.0/../../../../avr/lib/avrxmega3/short-calls\libc.a(__printf_core.o)
 .text.__printf_core
                0x0000000000000000       0x72 c:/program files/microchip/xc8/v3.00/avr/bin/../lib/gcc/avr/5.4.0/../../../../avr/lib/avrxmega3/short-calls\libc.a(__printf_core.o)
 .rodata.nilstr.2962
                0x0000000000000000        0x6 c:/program files/microchip/xc8/v3.00/avr/bin/../lib/gcc/avr/5.4.0/../../../../avr/lib/avrxmega3/short-calls\libc.a(__printf_core.o)
 .rodata.state_table
                0x0000000000000000       0x16 c:/program files/microchip/xc8/v3.00/avr/bin/../lib/gcc/avr/5.4.0/../../../../avr/lib/avrxmega3/short-calls\libc.a(__printf_core.o)
 .comment       0x0000000000000000       0x2d c:/program files/microchip/xc8/v3.00/avr/bin/../lib/gcc/avr/5.4.0/../../../../avr/lib/avrxmega3/short-calls\libc.a(__printf_core.o)
 .stack.descriptors.hdr
                0x0000000000000000        0xe c:/program files/microchip/xc8/v3.00/avr/bin/../lib/gcc/avr/5.4.0/../../../../avr/lib/avrxmega3/short-calls\libc.a(__printf_core.o)
 .note.GNU-stack
                0x0000000000000000        0x0 c:/program files/microchip/xc8/v3.00/avr/bin/../lib/gcc/avr/5.4.0/../../../../avr/lib/avrxmega3/short-calls\libc.a(__printf_core.o)
 .text          0x0000000000000000        0x0 c:/program files/microchip/xc8/v3.00/avr/bin/../lib/gcc/avr/5.4.0/../../../../avr/lib/avrxmega3/short-calls\libc.a(fputc.o)
 .data          0x0000000000000000        0x0 c:/program files/microchip/xc8/v3.00/avr/bin/../lib/gcc/avr/5.4.0/../../../../avr/lib/avrxmega3/short-calls\libc.a(fputc.o)
 .bss           0x0000000000000000        0x0 c:/program files/microchip/xc8/v3.00/avr/bin/../lib/gcc/avr/5.4.0/../../../../avr/lib/avrxmega3/short-calls\libc.a(fputc.o)
 .stack.descriptors
                0x0000000000000000       0x13 c:/program files/microchip/xc8/v3.00/avr/bin/../lib/gcc/avr/5.4.0/../../../../avr/lib/avrxmega3/short-calls\libc.a(fputc.o)
 .text.fputc    0x0000000000000000       0x98 c:/program files/microchip/xc8/v3.00/avr/bin/../lib/gcc/avr/5.4.0/../../../../avr/lib/avrxmega3/short-calls\libc.a(fputc.o)
 .comment       0x0000000000000000       0x2d c:/program files/microchip/xc8/v3.00/avr/bin/../lib/gcc/avr/5.4.0/../../../../avr/lib/avrxmega3/short-calls\libc.a(fputc.o)
 .stack.descriptors.hdr
                0x0000000000000000        0xe c:/program files/microchip/xc8/v3.00/avr/bin/../lib/gcc/avr/5.4.0/../../../../avr/lib/avrxmega3/short-calls\libc.a(fputc.o)
 .note.GNU-stack
                0x0000000000000000        0x0 c:/program files/microchip/xc8/v3.00/avr/bin/../lib/gcc/avr/5.4.0/../../../../avr/lib/avrxmega3/short-calls\libc.a(fputc.o)
 .text          0x0000000000000000        0x0 c:/program files/microchip/xc8/v3.00/avr/bin/../lib/gcc/avr/5.4.0/../../../../avr/lib/avrxmega3/short-calls\libc.a(stdout.o)
 .data          0x0000000000000000        0x0 c:/program files/microchip/xc8/v3.00/avr/bin/../lib/gcc/avr/5.4.0/../../../../avr/lib/avrxmega3/short-calls\libc.a(stdout.o)
 .bss           0x0000000000000000        0x0 c:/program files/microchip/xc8/v3.00/avr/bin/../lib/gcc/avr/5.4.0/../../../../avr/lib/avrxmega3/short-calls\libc.a(stdout.o)
 .stack.descriptors
                0x0000000000000000       0x1b c:/program files/microchip/xc8/v3.00/avr/bin/../lib/gcc/avr/5.4.0/../../../../avr/lib/avrxmega3/short-calls\libc.a(stdout.o)
 .text.__init_stdout
                0x0000000000000000       0x1e c:/program files/microchip/xc8/v3.00/avr/bin/../lib/gcc/avr/5.4.0/../../../../avr/lib/avrxmega3/short-calls\libc.a(stdout.o)
 .data._stdout  0x0000000000000000        0x2 c:/program files/microchip/xc8/v3.00/avr/bin/../lib/gcc/avr/5.4.0/../../../../avr/lib/avrxmega3/short-calls\libc.a(stdout.o)
 .bss.__stdout  0x0000000000000000        0x2 c:/program files/microchip/xc8/v3.00/avr/bin/../lib/gcc/avr/5.4.0/../../../../avr/lib/avrxmega3/short-calls\libc.a(stdout.o)
 .data.f        0x0000000000000000       0x10 c:/program files/microchip/xc8/v3.00/avr/bin/../lib/gcc/avr/5.4.0/../../../../avr/lib/avrxmega3/short-calls\libc.a(stdout.o)
 .comment       0x0000000000000000       0x2d c:/program files/microchip/xc8/v3.00/avr/bin/../lib/gcc/avr/5.4.0/../../../../avr/lib/avrxmega3/short-calls\libc.a(stdout.o)
 .stack.descriptors.hdr
                0x0000000000000000        0xe c:/program files/microchip/xc8/v3.00/avr/bin/../lib/gcc/avr/5.4.0/../../../../avr/lib/avrxmega3/short-calls\libc.a(stdout.o)
 .note.GNU-stack
                0x0000000000000000        0x0 c:/program files/microchip/xc8/v3.00/avr/bin/../lib/gcc/avr/5.4.0/../../../../avr/lib/avrxmega3/short-calls\libc.a(stdout.o)
 COMMON         0x0000000000000000        0x2 c:/program files/microchip/xc8/v3.00/avr/bin/../lib/gcc/avr/5.4.0/../../../../avr/lib/avrxmega3/short-calls\libc.a(stdout.o)
 .text          0x0000000000000000        0x0 c:/program files/microchip/xc8/v3.00/avr/bin/../lib/gcc/avr/5.4.0/../../../../avr/lib/avrxmega3/short-calls\libc.a(strlen.o)
 .data          0x0000000000000000        0x0 c:/program files/microchip/xc8/v3.00/avr/bin/../lib/gcc/avr/5.4.0/../../../../avr/lib/avrxmega3/short-calls\libc.a(strlen.o)
 .bss           0x0000000000000000        0x0 c:/program files/microchip/xc8/v3.00/avr/bin/../lib/gcc/avr/5.4.0/../../../../avr/lib/avrxmega3/short-calls\libc.a(strlen.o)
 .stack.descriptors
                0x0000000000000000       0x14 c:/program files/microchip/xc8/v3.00/avr/bin/../lib/gcc/avr/5.4.0/../../../../avr/lib/avrxmega3/short-calls\libc.a(strlen.o)
 .text.strlen   0x0000000000000000       0x1c c:/program files/microchip/xc8/v3.00/avr/bin/../lib/gcc/avr/5.4.0/../../../../avr/lib/avrxmega3/short-calls\libc.a(strlen.o)
 .comment       0x0000000000000000       0x2d c:/program files/microchip/xc8/v3.00/avr/bin/../lib/gcc/avr/5.4.0/../../../../avr/lib/avrxmega3/short-calls\libc.a(strlen.o)
 .stack.descriptors.hdr
                0x0000000000000000        0xe c:/program files/microchip/xc8/v3.00/avr/bin/../lib/gcc/avr/5.4.0/../../../../avr/lib/avrxmega3/short-calls\libc.a(strlen.o)
 .note.GNU-stack
                0x0000000000000000        0x0 c:/program files/microchip/xc8/v3.00/avr/bin/../lib/gcc/avr/5.4.0/../../../../avr/lib/avrxmega3/short-calls\libc.a(strlen.o)
 .text          0x0000000000000000        0x0 c:/program files/microchip/xc8/v3.00/avr/bin/../lib/gcc/avr/5.4.0/../../../../avr/lib/avrxmega3/short-calls\libc.a(strncmp.o)
 .data          0x0000000000000000        0x0 c:/program files/microchip/xc8/v3.00/avr/bin/../lib/gcc/avr/5.4.0/../../../../avr/lib/avrxmega3/short-calls\libc.a(strncmp.o)
 .bss           0x0000000000000000        0x0 c:/program files/microchip/xc8/v3.00/avr/bin/../lib/gcc/avr/5.4.0/../../../../avr/lib/avrxmega3/short-calls\libc.a(strncmp.o)
 .stack.descriptors
                0x0000000000000000       0x15 c:/program files/microchip/xc8/v3.00/avr/bin/../lib/gcc/avr/5.4.0/../../../../avr/lib/avrxmega3/short-calls\libc.a(strncmp.o)
 .text.strncmp  0x0000000000000000       0x3e c:/program files/microchip/xc8/v3.00/avr/bin/../lib/gcc/avr/5.4.0/../../../../avr/lib/avrxmega3/short-calls\libc.a(strncmp.o)
 .comment       0x0000000000000000       0x2d c:/program files/microchip/xc8/v3.00/avr/bin/../lib/gcc/avr/5.4.0/../../../../avr/lib/avrxmega3/short-calls\libc.a(strncmp.o)
 .stack.descriptors.hdr
                0x0000000000000000        0xe c:/program files/microchip/xc8/v3.00/avr/bin/../lib/gcc/avr/5.4.0/../../../../avr/lib/avrxmega3/short-calls\libc.a(strncmp.o)
 .note.GNU-stack
                0x0000000000000000        0x0 c:/program files/microchip/xc8/v3.00/avr/bin/../lib/gcc/avr/5.4.0/../../../../avr/lib/avrxmega3/short-calls\libc.a(strncmp.o)
 .text          0x0000000000000000        0x0 c:/program files/microchip/xc8/v3.00/avr/bin/../lib/gcc/avr/5.4.0/../../../../avr/lib/avrxmega3/short-calls\libc.a(tolower.o)
 .data          0x0000000000000000        0x0 c:/program files/microchip/xc8/v3.00/avr/bin/../lib/gcc/avr/5.4.0/../../../../avr/lib/avrxmega3/short-calls\libc.a(tolower.o)
 .bss           0x0000000000000000        0x0 c:/program files/microchip/xc8/v3.00/avr/bin/../lib/gcc/avr/5.4.0/../../../../avr/lib/avrxmega3/short-calls\libc.a(tolower.o)
 .stack.descriptors
                0x0000000000000000       0x2e c:/program files/microchip/xc8/v3.00/avr/bin/../lib/gcc/avr/5.4.0/../../../../avr/lib/avrxmega3/short-calls\libc.a(tolower.o)
 .text.tolower  0x0000000000000000       0x10 c:/program files/microchip/xc8/v3.00/avr/bin/../lib/gcc/avr/5.4.0/../../../../avr/lib/avrxmega3/short-calls\libc.a(tolower.o)
 .text.__tolower_l
                0x0000000000000000        0x4 c:/program files/microchip/xc8/v3.00/avr/bin/../lib/gcc/avr/5.4.0/../../../../avr/lib/avrxmega3/short-calls\libc.a(tolower.o)
 .comment       0x0000000000000000       0x2d c:/program files/microchip/xc8/v3.00/avr/bin/../lib/gcc/avr/5.4.0/../../../../avr/lib/avrxmega3/short-calls\libc.a(tolower.o)
 .stack.descriptors.hdr
                0x0000000000000000        0xe c:/program files/microchip/xc8/v3.00/avr/bin/../lib/gcc/avr/5.4.0/../../../../avr/lib/avrxmega3/short-calls\libc.a(tolower.o)
 .note.GNU-stack
                0x0000000000000000        0x0 c:/program files/microchip/xc8/v3.00/avr/bin/../lib/gcc/avr/5.4.0/../../../../avr/lib/avrxmega3/short-calls\libc.a(tolower.o)
 .text          0x0000000000000000        0x0 c:/program files/microchip/xc8/v3.00/avr/bin/../lib/gcc/avr/5.4.0/../../../../avr/lib/avrxmega3/short-calls\libc.a(errno.o)
 .data          0x0000000000000000        0x0 c:/program files/microchip/xc8/v3.00/avr/bin/../lib/gcc/avr/5.4.0/../../../../avr/lib/avrxmega3/short-calls\libc.a(errno.o)
 .bss           0x0000000000000000        0x0 c:/program files/microchip/xc8/v3.00/avr/bin/../lib/gcc/avr/5.4.0/../../../../avr/lib/avrxmega3/short-calls\libc.a(errno.o)
 .comment       0x0000000000000000       0x2d c:/program files/microchip/xc8/v3.00/avr/bin/../lib/gcc/avr/5.4.0/../../../../avr/lib/avrxmega3/short-calls\libc.a(errno.o)
 .stack.descriptors.hdr
                0x0000000000000000        0xe c:/program files/microchip/xc8/v3.00/avr/bin/../lib/gcc/avr/5.4.0/../../../../avr/lib/avrxmega3/short-calls\libc.a(errno.o)
 .note.GNU-stack
                0x0000000000000000        0x0 c:/program files/microchip/xc8/v3.00/avr/bin/../lib/gcc/avr/5.4.0/../../../../avr/lib/avrxmega3/short-calls\libc.a(errno.o)
 COMMON         0x0000000000000000        0x2 c:/program files/microchip/xc8/v3.00/avr/bin/../lib/gcc/avr/5.4.0/../../../../avr/lib/avrxmega3/short-calls\libc.a(errno.o)
 .text          0x0000000000000000        0x0 c:/program files/microchip/xc8/v3.00/avr/bin/../lib/gcc/avr/5.4.0/../../../../avr/lib/avrxmega3/short-calls\libc.a(_Exit.o)
 .data          0x0000000000000000        0x0 c:/program files/microchip/xc8/v3.00/avr/bin/../lib/gcc/avr/5.4.0/../../../../avr/lib/avrxmega3/short-calls\libc.a(_Exit.o)
 .bss           0x0000000000000000        0x0 c:/program files/microchip/xc8/v3.00/avr/bin/../lib/gcc/avr/5.4.0/../../../../avr/lib/avrxmega3/short-calls\libc.a(_Exit.o)
 .stack.descriptors
                0x0000000000000000       0x13 c:/program files/microchip/xc8/v3.00/avr/bin/../lib/gcc/avr/5.4.0/../../../../avr/lib/avrxmega3/short-calls\libc.a(_Exit.o)
 .text          0x0000000000000000        0x0 c:/program files/microchip/xc8/v3.00/avr/bin/../lib/gcc/avr/5.4.0/../../../../avr/lib/avrxmega3/short-calls\libc.a(__int_vfprintf.o)
 .data          0x0000000000000000        0x0 c:/program files/microchip/xc8/v3.00/avr/bin/../lib/gcc/avr/5.4.0/../../../../avr/lib/avrxmega3/short-calls\libc.a(__int_vfprintf.o)
 .bss           0x0000000000000000        0x0 c:/program files/microchip/xc8/v3.00/avr/bin/../lib/gcc/avr/5.4.0/../../../../avr/lib/avrxmega3/short-calls\libc.a(__int_vfprintf.o)
 .stack.descriptors
                0x0000000000000000       0x18 c:/program files/microchip/xc8/v3.00/avr/bin/../lib/gcc/avr/5.4.0/../../../../avr/lib/avrxmega3/short-calls\libc.a(__int_vfprintf.o)
 .text.__vfprintf
                0x0000000000000000       0x2a c:/program files/microchip/xc8/v3.00/avr/bin/../lib/gcc/avr/5.4.0/../../../../avr/lib/avrxmega3/short-calls\libc.a(__int_vfprintf.o)
 .comment       0x0000000000000000       0x2d c:/program files/microchip/xc8/v3.00/avr/bin/../lib/gcc/avr/5.4.0/../../../../avr/lib/avrxmega3/short-calls\libc.a(__int_vfprintf.o)
 .stack.descriptors.hdr
                0x0000000000000000        0xe c:/program files/microchip/xc8/v3.00/avr/bin/../lib/gcc/avr/5.4.0/../../../../avr/lib/avrxmega3/short-calls\libc.a(__int_vfprintf.o)
 .note.GNU-stack
                0x0000000000000000        0x0 c:/program files/microchip/xc8/v3.00/avr/bin/../lib/gcc/avr/5.4.0/../../../../avr/lib/avrxmega3/short-calls\libc.a(__int_vfprintf.o)
 .text          0x0000000000000000        0x0 c:/program files/microchip/xc8/v3.00/avr/bin/../lib/gcc/avr/5.4.0/avrxmega3/short-calls\libgcc.a(_exit.o)
 .data          0x0000000000000000        0x0 c:/program files/microchip/xc8/v3.00/avr/bin/../lib/gcc/avr/5.4.0/avrxmega3/short-calls\libgcc.a(_exit.o)
 .bss           0x0000000000000000        0x0 c:/program files/microchip/xc8/v3.00/avr/bin/../lib/gcc/avr/5.4.0/avrxmega3/short-calls\libgcc.a(_exit.o)
 .text.libgcc.mul
                0x0000000000000000        0x0 c:/program files/microchip/xc8/v3.00/avr/bin/../lib/gcc/avr/5.4.0/avrxmega3/short-calls\libgcc.a(_exit.o)
 .text.libgcc.div
                0x0000000000000000        0x0 c:/program files/microchip/xc8/v3.00/avr/bin/../lib/gcc/avr/5.4.0/avrxmega3/short-calls\libgcc.a(_exit.o)
 .text.libgcc   0x0000000000000000        0x0 c:/program files/microchip/xc8/v3.00/avr/bin/../lib/gcc/avr/5.4.0/avrxmega3/short-calls\libgcc.a(_exit.o)
 .text.libgcc.prologue
                0x0000000000000000        0x0 c:/program files/microchip/xc8/v3.00/avr/bin/../lib/gcc/avr/5.4.0/avrxmega3/short-calls\libgcc.a(_exit.o)
 .stack.descriptors
                0x0000000000000000       0x13 c:/program files/microchip/xc8/v3.00/avr/bin/../lib/gcc/avr/5.4.0/avrxmega3/short-calls\libgcc.a(_exit.o)
 .text.libgcc.builtins
                0x0000000000000000        0x0 c:/program files/microchip/xc8/v3.00/avr/bin/../lib/gcc/avr/5.4.0/avrxmega3/short-calls\libgcc.a(_exit.o)
 .text.libgcc.fmul
                0x0000000000000000        0x0 c:/program files/microchip/xc8/v3.00/avr/bin/../lib/gcc/avr/5.4.0/avrxmega3/short-calls\libgcc.a(_exit.o)
 .text.libgcc.fixed
                0x0000000000000000        0x0 c:/program files/microchip/xc8/v3.00/avr/bin/../lib/gcc/avr/5.4.0/avrxmega3/short-calls\libgcc.a(_exit.o)
 .text          0x0000000000000000        0x0 c:/program files/microchip/xc8/v3.00/avr/bin/../lib/gcc/avr/5.4.0/avrxmega3/short-calls\libgcc.a(_prologue.o)
 .data          0x0000000000000000        0x0 c:/program files/microchip/xc8/v3.00/avr/bin/../lib/gcc/avr/5.4.0/avrxmega3/short-calls\libgcc.a(_prologue.o)
 .bss           0x0000000000000000        0x0 c:/program files/microchip/xc8/v3.00/avr/bin/../lib/gcc/avr/5.4.0/avrxmega3/short-calls\libgcc.a(_prologue.o)
 .text.libgcc.mul
                0x0000000000000000        0x0 c:/program files/microchip/xc8/v3.00/avr/bin/../lib/gcc/avr/5.4.0/avrxmega3/short-calls\libgcc.a(_prologue.o)
 .text.libgcc.div
                0x0000000000000000        0x0 c:/program files/microchip/xc8/v3.00/avr/bin/../lib/gcc/avr/5.4.0/avrxmega3/short-calls\libgcc.a(_prologue.o)
 .text.libgcc   0x0000000000000000        0x0 c:/program files/microchip/xc8/v3.00/avr/bin/../lib/gcc/avr/5.4.0/avrxmega3/short-calls\libgcc.a(_prologue.o)
 .text.libgcc.prologue
                0x0000000000000000       0x32 c:/program files/microchip/xc8/v3.00/avr/bin/../lib/gcc/avr/5.4.0/avrxmega3/short-calls\libgcc.a(_prologue.o)
 .text.libgcc.builtins
                0x0000000000000000        0x0 c:/program files/microchip/xc8/v3.00/avr/bin/../lib/gcc/avr/5.4.0/avrxmega3/short-calls\libgcc.a(_prologue.o)
 .text.libgcc.fmul
                0x0000000000000000        0x0 c:/program files/microchip/xc8/v3.00/avr/bin/../lib/gcc/avr/5.4.0/avrxmega3/short-calls\libgcc.a(_prologue.o)
 .text.libgcc.fixed
                0x0000000000000000        0x0 c:/program files/microchip/xc8/v3.00/avr/bin/../lib/gcc/avr/5.4.0/avrxmega3/short-calls\libgcc.a(_prologue.o)
 .text          0x0000000000000000        0x0 c:/program files/microchip/xc8/v3.00/avr/bin/../lib/gcc/avr/5.4.0/avrxmega3/short-calls\libgcc.a(_epilogue.o)
 .data          0x0000000000000000        0x0 c:/program files/microchip/xc8/v3.00/avr/bin/../lib/gcc/avr/5.4.0/avrxmega3/short-calls\libgcc.a(_epilogue.o)
 .bss           0x0000000000000000        0x0 c:/program files/microchip/xc8/v3.00/avr/bin/../lib/gcc/avr/5.4.0/avrxmega3/short-calls\libgcc.a(_epilogue.o)
 .text.libgcc.mul
                0x0000000000000000        0x0 c:/program files/microchip/xc8/v3.00/avr/bin/../lib/gcc/avr/5.4.0/avrxmega3/short-calls\libgcc.a(_epilogue.o)
 .text.libgcc.div
                0x0000000000000000        0x0 c:/program files/microchip/xc8/v3.00/avr/bin/../lib/gcc/avr/5.4.0/avrxmega3/short-calls\libgcc.a(_epilogue.o)
 .text.libgcc   0x0000000000000000        0x0 c:/program files/microchip/xc8/v3.00/avr/bin/../lib/gcc/avr/5.4.0/avrxmega3/short-calls\libgcc.a(_epilogue.o)
 .text.libgcc.prologue
                0x0000000000000000       0x30 c:/program files/microchip/xc8/v3.00/avr/bin/../lib/gcc/avr/5.4.0/avrxmega3/short-calls\libgcc.a(_epilogue.o)
 .text.libgcc.builtins
                0x0000000000000000        0x0 c:/program files/microchip/xc8/v3.00/avr/bin/../lib/gcc/avr/5.4.0/avrxmega3/short-calls\libgcc.a(_epilogue.o)
 .text.libgcc.fmul
                0x0000000000000000        0x0 c:/program files/microchip/xc8/v3.00/avr/bin/../lib/gcc/avr/5.4.0/avrxmega3/short-calls\libgcc.a(_epilogue.o)
 .text.libgcc.fixed
                0x0000000000000000        0x0 c:/program files/microchip/xc8/v3.00/avr/bin/../lib/gcc/avr/5.4.0/avrxmega3/short-calls\libgcc.a(_epilogue.o)

Memory Configuration

Name             Origin             Length             Attributes
text             0x0000000000000000 0x0000000000001000 xr
data             0x0000000000803f00 0x0000000000000100 rw !x
eeprom           0x0000000000810000 0x0000000000000080 rw !x
fuse             0x0000000000820000 0x000000000000000a rw !x
lock             0x0000000000830000 0x0000000000000400 rw !x
signature        0x0000000000840000 0x0000000000000400 rw !x
user_signatures  0x0000000000850000 0x0000000000000400 rw !x
bootrow          0x0000000000860000 0x0000000000000400 rw !x
*default*        0x0000000000000000 0xffffffffffffffff

Linker script and memory map

Address of section .data set to 0x803f00
                0x0000000000008000                __RODATA_PM_OFFSET__ = 0x8000
LOAD C:/Program Files/Microchip/xc8/v3.00/dfp/xc8/avr/lib/avrxmega3/short-calls/crtattiny417.o
                0x0000000000000001                __MPLAB_BUILD = 0x1
LOAD build/Default/production/examples/src/usart_basic_example.o
LOAD build/Default/production/src/driver_init.o
LOAD build/Default/production/src/bod.o
LOAD build/Default/production/src/clkctrl.o
LOAD build/Default/production/src/cpuint.o
LOAD build/Default/production/src/protected_io.o
LOAD build/Default/production/src/slpctrl.o
LOAD build/Default/production/src/tca.o
LOAD build/Default/production/src/usart_basic.o
LOAD build/Default/production/src/ac.o
LOAD build/Default/production/src/vref.o
LOAD build/Default/production/main.o
LOAD build/Default/production/driver_isr.o
LOAD build/Default/production/atmel_start.o
LOAD build/Default/production/Inv_Ctrlr.o
START GROUP
LOAD c:/program files/microchip/xc8/v3.00/avr/bin/../lib/gcc/avr/5.4.0/../../../../avr/lib/avrxmega3/short-calls\libm.a
END GROUP
START GROUP
LOAD c:/program files/microchip/xc8/v3.00/avr/bin/../lib/gcc/avr/5.4.0/avrxmega3/short-calls\libgcc.a
LOAD c:/program files/microchip/xc8/v3.00/avr/bin/../lib/gcc/avr/5.4.0/../../../../avr/lib/avrxmega3/short-calls\libm.a
LOAD c:/program files/microchip/xc8/v3.00/avr/bin/../lib/gcc/avr/5.4.0/../../../../avr/lib/avrxmega3/short-calls\libc.a
LOAD C:/Program Files/Microchip/xc8/v3.00/dfp/xc8/avr/lib/avrxmega3/short-calls\libattiny417.a
END GROUP
                [0x0000000000000000]                __TEXT_REGION_ORIGIN__ = DEFINED (__TEXT_REGION_ORIGIN__)?__TEXT_REGION_ORIGIN__:0x0
                [0x0000000000803f00]                __DATA_REGION_ORIGIN__ = DEFINED (__DATA_REGION_ORIGIN__)?__DATA_REGION_ORIGIN__:0x802000
                [0x0000000000001000]                __TEXT_REGION_LENGTH__ = DEFINED (__TEXT_REGION_LENGTH__)?__TEXT_REGION_LENGTH__:0x100000
                [0x0000000000000100]                __DATA_REGION_LENGTH__ = DEFINED (__DATA_REGION_LENGTH__)?__DATA_REGION_LENGTH__:0xffa0
                [0x0000000000000080]                __EEPROM_REGION_LENGTH__ = DEFINED (__EEPROM_REGION_LENGTH__)?__EEPROM_REGION_LENGTH__:0x10000
                [0x000000000000000a]                __FUSE_REGION_LENGTH__ = DEFINED (__FUSE_REGION_LENGTH__)?__FUSE_REGION_LENGTH__:0x400
                0x0000000000000400                __LOCK_REGION_LENGTH__ = DEFINED (__LOCK_REGION_LENGTH__)?__LOCK_REGION_LENGTH__:0x400
                0x0000000000000400                __SIGNATURE_REGION_LENGTH__ = DEFINED (__SIGNATURE_REGION_LENGTH__)?__SIGNATURE_REGION_LENGTH__:0x400
                0x0000000000000400                __USER_SIGNATURE_REGION_LENGTH__ = DEFINED (__USER_SIGNATURE_REGION_LENGTH__)?__USER_SIGNATURE_REGION_LENGTH__:0x400
                0x0000000000008000                __RODATA_PM_OFFSET__ = DEFINED (__RODATA_PM_OFFSET__)?__RODATA_PM_OFFSET__:0x8000
                0x0000000000000400                __BOOTROW_REGION_LENGTH__ = DEFINED (__BOOTROW_REGION_LENGTH__)?__BOOTROW_REGION_LENGTH__:0x400

.hash
 *(.hash)

.dynsym
 *(.dynsym)

.dynstr
 *(.dynstr)

.gnu.version
 *(.gnu.version)

.gnu.version_d
 *(.gnu.version_d)

.gnu.version_r
 *(.gnu.version_r)

.rel.init
 *(.rel.init)

.rela.init
 *(.rela.init)

.rel.text
 *(.rel.text)
 *(.rel.text.*)
 *(.rel.gnu.linkonce.t*)

.rela.text
 *(.rela.text)
 *(.rela.text.*)
 *(.rela.gnu.linkonce.t*)

.rel.fini
 *(.rel.fini)

.rela.fini
 *(.rela.fini)

.rel.rodata
 *(.rel.rodata)
 *(.rel.rodata.*)
 *(.rel.gnu.linkonce.r*)

.rela.rodata
 *(.rela.rodata)
 *(.rela.rodata.*)
 *(.rela.gnu.linkonce.r*)

.rel.data
 *(.rel.data)
 *(.rel.data.*)
 *(.rel.gnu.linkonce.d*)

.rela.data
 *(.rela.data)
 *(.rela.data.*)
 *(.rela.gnu.linkonce.d*)

.rel.ctors
 *(.rel.ctors)

.rela.ctors
 *(.rela.ctors)

.rel.dtors
 *(.rel.dtors)

.rela.dtors
 *(.rela.dtors)

.rel.got
 *(.rel.got)

.rela.got
 *(.rela.got)

.rel.bss
 *(.rel.bss)

.rela.bss
 *(.rela.bss)

.rel.plt
 *(.rel.plt)

.rela.plt
 *(.rela.plt)

.text           0x0000000000000000       0x8a
 *(.vectors)
 .vectors       0x0000000000000000       0x34 C:/Program Files/Microchip/xc8/v3.00/dfp/xc8/avr/lib/avrxmega3/short-calls/crtattiny417.o
                0x0000000000000000                __vector_default
                0x0000000000000000                __vectors
 *(.vectors)
 *(.progmem.gcc*)
 *(.dinit)
 .dinit         0x0000000000000034        0x5 data_init
                0x000000000000003a                . = ALIGN (0x2)
 *fill*         0x0000000000000039        0x1 
                0x000000000000003a                __trampolines_start = .
 *(.trampolines)
 .trampolines   0x000000000000003a        0x0 linker stubs
 *(.trampolines*)
                0x000000000000003a                __trampolines_end = .
 *libprintf_flt.a:*(.progmem.data)
 *libc.a:*(.progmem.data)
                0x000000000000003a                . = ALIGN (0x2)
 *(.jumptables)
 *(.jumptables*)
 *(.lowtext)
 *(.lowtext*)
                0x000000000000003a                __ctors_start = .
 *(.ctors)
                0x000000000000003a                __ctors_end = .
                0x000000000000003a                __dtors_start = .
 *(.dtors)
                0x000000000000003a                __dtors_end = .
 SORT(*)(.ctors)
 SORT(*)(.dtors)
 *(.init0)
 .init0         0x000000000000003a        0x0 C:/Program Files/Microchip/xc8/v3.00/dfp/xc8/avr/lib/avrxmega3/short-calls/crtattiny417.o
                0x000000000000003a                __init
 *(.init0)
 *(.init1)
 *(.init1)
 *(.init2)
 .init2         0x000000000000003a        0xc C:/Program Files/Microchip/xc8/v3.00/dfp/xc8/avr/lib/avrxmega3/short-calls/crtattiny417.o
 *(.init2)
 *(.init3)
 *(.init3)
 *(.init4)
 .init4         0x0000000000000046       0x3c c:/program files/microchip/xc8/v3.00/avr/bin/../lib/gcc/avr/5.4.0/avrxmega3/short-calls\libgcc.a(_copy_data.o)
                0x0000000000000046                __do_copy_data
                0x0000000000000074                __do_clear_bss
 *(.init4)
 *(.init5)
 *(.init5)
 *(.init6)
 *(.init6)
 *(.init7)
 *(.init7)
 *(.init8)
 *(.init8)
 *(.init9)
 .init9         0x0000000000000082        0x4 C:/Program Files/Microchip/xc8/v3.00/dfp/xc8/avr/lib/avrxmega3/short-calls/crtattiny417.o
 *(.init9)
                0x0000000000000086                . = ALIGN (0x2)
 *(.fini9)
 .fini9         0x0000000000000086        0x0 c:/program files/microchip/xc8/v3.00/avr/bin/../lib/gcc/avr/5.4.0/avrxmega3/short-calls\libgcc.a(_exit.o)
                0x0000000000000086                _exit
 *(.fini9)
 *(.fini8)
 *(.fini8)
 *(.fini7)
 *(.fini7)
 *(.fini6)
 *(.fini6)
 *(.fini5)
 *(.fini5)
 *(.fini4)
 *(.fini4)
 *(.fini3)
 *(.fini3)
 *(.fini2)
 *(.fini2)
 *(.fini1)
 *(.fini1)
 *(.fini0)
 .fini0         0x0000000000000086        0x4 c:/program files/microchip/xc8/v3.00/avr/bin/../lib/gcc/avr/5.4.0/avrxmega3/short-calls\libgcc.a(_exit.o)
 *(.fini0)
                0x000000000000008a                _etext = .

.data           0x0000000000803f00        0x0 load address 0x000000000000008a
                [!provide]                        PROVIDE (__data_start, .)
 *(.gnu.linkonce.d*)
                0x0000000000803f00                . = ALIGN (0x2)
                0x0000000000803f00                _edata = .
                [!provide]                        PROVIDE (__data_end, .)

.bss            0x0000000000803f00        0x0
                [!provide]                        PROVIDE (__bss_start, .)
 *(COMMON)
                [!provide]                        PROVIDE (__bss_end, .)
                0x000000000000008a                __data_load_start = LOADADDR (.data)
                0x000000000000008a                __data_load_end = (__data_load_start + SIZEOF (.data))

.noinit         0x0000000000803f00        0x0
                [!provide]                        PROVIDE (__noinit_start, .)
 *(.noinit*)
                [!provide]                        PROVIDE (__noinit_end, .)
                0x0000000000803f00                _end = .

.eeprom         0x0000000000810000        0x0
 *(.eeprom*)
                0x0000000000810000                __eeprom_end = .

.fuse
 *(.fuse)
 *(.lfuse)
 *(.hfuse)
 *(.efuse)

.lock
 *(.lock*)

.signature
 *(.signature*)

.user_signatures
 *(.user_signatures*)

.bootrow
 *(.bootrow*)

.stab
 *(.stab)

.stabstr
 *(.stabstr)

.stab.excl
 *(.stab.excl)

.stab.exclstr
 *(.stab.exclstr)

.stab.index
 *(.stab.index)

.stab.indexstr
 *(.stab.indexstr)

.comment        0x0000000000000000       0x5b
 *(.comment)
 .comment       0x0000000000000000       0x2f build/Default/production/src/driver_init.o
                                         0x30 (size before relaxing)
 .comment       0x000000000000002f       0x30 build/Default/production/src/bod.o
 .comment       0x000000000000002f       0x30 build/Default/production/src/clkctrl.o
 .comment       0x000000000000002f       0x30 build/Default/production/src/cpuint.o
 .comment       0x000000000000002f       0x30 build/Default/production/src/slpctrl.o
 .comment       0x000000000000002f       0x30 build/Default/production/src/tca.o
 .comment       0x000000000000002f       0x30 build/Default/production/src/usart_basic.o
 .comment       0x000000000000002f       0x30 build/Default/production/src/ac.o
 .comment       0x000000000000002f       0x30 build/Default/production/src/vref.o
 .comment       0x000000000000002f       0x30 build/Default/production/main.o
 .comment       0x000000000000002f       0x30 build/Default/production/driver_isr.o
 .comment       0x000000000000002f       0x30 build/Default/production/atmel_start.o
 .comment       0x000000000000002f       0x30 build/Default/production/Inv_Ctrlr.o
 .comment       0x000000000000002f       0x2c c:/program files/microchip/xc8/v3.00/avr/bin/../lib/gcc/avr/5.4.0/../../../../avr/lib/avrxmega3/short-calls\libc.a(exit.o)
                                         0x2d (size before relaxing)
 .comment       0x000000000000005b       0x2d c:/program files/microchip/xc8/v3.00/avr/bin/../lib/gcc/avr/5.4.0/../../../../avr/lib/avrxmega3/short-calls\libc.a(_Exit.o)

.stack.descriptors.hdr
                0x0000000000000000       0x2a
 .stack.descriptors.hdr
                0x0000000000000000        0xe c:/program files/microchip/xc8/v3.00/avr/bin/../lib/gcc/avr/5.4.0/../../../../avr/lib/avrxmega3/short-calls\libc.a(exit.o)
 .stack.descriptors.hdr
                0x000000000000000e        0xe c:/program files/microchip/xc8/v3.00/avr/bin/../lib/gcc/avr/5.4.0/../../../../avr/lib/avrxmega3/short-calls\libc.a(_Exit.o)
 .stack.descriptors.hdr
                0x000000000000001c        0xe c:/program files/microchip/xc8/v3.00/avr/bin/../lib/gcc/avr/5.4.0/avrxmega3/short-calls\libgcc.a(_exit.o)

.note.GNU-stack
                0x0000000000000000        0x0
 .note.GNU-stack
                0x0000000000000000        0x0 c:/program files/microchip/xc8/v3.00/avr/bin/../lib/gcc/avr/5.4.0/../../../../avr/lib/avrxmega3/short-calls\libc.a(exit.o)
 .note.GNU-stack
                0x0000000000000000        0x0 c:/program files/microchip/xc8/v3.00/avr/bin/../lib/gcc/avr/5.4.0/../../../../avr/lib/avrxmega3/short-calls\libc.a(_Exit.o)

.note.gnu.build-id
 *(.note.gnu.build-id)

.debug
 *(.debug)

.line
 *(.line)

.debug_srcinfo
 *(.debug_srcinfo)

.debug_sfnames
 *(.debug_sfnames)

.debug_aranges  0x0000000000000000      0x2b0
 *(.debug_aranges)
 .debug_aranges
                0x0000000000000000       0x40 build/Default/production/src/driver_init.o
 .debug_aranges
                0x0000000000000040       0x20 build/Default/production/src/bod.o
 .debug_aranges
                0x0000000000000060       0x20 build/Default/production/src/clkctrl.o
 .debug_aranges
                0x0000000000000080       0x20 build/Default/production/src/cpuint.o
 .debug_aranges
                0x00000000000000a0       0x20 build/Default/production/src/protected_io.o
 .debug_aranges
                0x00000000000000c0       0x28 build/Default/production/src/slpctrl.o
 .debug_aranges
                0x00000000000000e8       0x20 build/Default/production/src/tca.o
 .debug_aranges
                0x0000000000000108       0x70 build/Default/production/src/usart_basic.o
 .debug_aranges
                0x0000000000000178       0x20 build/Default/production/src/ac.o
 .debug_aranges
                0x0000000000000198       0x20 build/Default/production/src/vref.o
 .debug_aranges
                0x00000000000001b8       0x20 build/Default/production/main.o
 .debug_aranges
                0x00000000000001d8       0x50 build/Default/production/driver_isr.o
 .debug_aranges
                0x0000000000000228       0x20 build/Default/production/atmel_start.o
 .debug_aranges
                0x0000000000000248       0x68 build/Default/production/Inv_Ctrlr.o

.debug_pubnames
 *(.debug_pubnames)

.debug_info     0x0000000000000000     0x8ed1
 *(.debug_info .gnu.linkonce.wi.*)
 .debug_info    0x0000000000000000     0x19c7 C:/Program Files/Microchip/xc8/v3.00/dfp/xc8/avr/lib/avrxmega3/short-calls/crtattiny417.o
 .debug_info    0x00000000000019c7     0x1735 build/Default/production/src/driver_init.o
 .debug_info    0x00000000000030fc      0x27b build/Default/production/src/bod.o
 .debug_info    0x0000000000003377      0x62e build/Default/production/src/clkctrl.o
 .debug_info    0x00000000000039a5      0x281 build/Default/production/src/cpuint.o
 .debug_info    0x0000000000003c26       0x67 build/Default/production/src/protected_io.o
 .debug_info    0x0000000000003c8d      0x3cb build/Default/production/src/slpctrl.o
 .debug_info    0x0000000000004058      0xb26 build/Default/production/src/tca.o
 .debug_info    0x0000000000004b7e      0x64c build/Default/production/src/usart_basic.o
 .debug_info    0x00000000000051ca      0x515 build/Default/production/src/ac.o
 .debug_info    0x00000000000056df      0x3d2 build/Default/production/src/vref.o
 .debug_info    0x0000000000005ab1      0xdd2 build/Default/production/main.o
 .debug_info    0x0000000000006883     0x1370 build/Default/production/driver_isr.o
 .debug_info    0x0000000000007bf3      0x291 build/Default/production/atmel_start.o
 .debug_info    0x0000000000007e84     0x104d build/Default/production/Inv_Ctrlr.o

.debug_abbrev   0x0000000000000000     0x2649
 *(.debug_abbrev)
 .debug_abbrev  0x0000000000000000     0x1864 C:/Program Files/Microchip/xc8/v3.00/dfp/xc8/avr/lib/avrxmega3/short-calls/crtattiny417.o
 .debug_abbrev  0x0000000000001864      0x1e7 build/Default/production/src/driver_init.o
 .debug_abbrev  0x0000000000001a4b       0x46 build/Default/production/src/bod.o
 .debug_abbrev  0x0000000000001a91      0x11d build/Default/production/src/clkctrl.o
 .debug_abbrev  0x0000000000001bae       0x46 build/Default/production/src/cpuint.o
 .debug_abbrev  0x0000000000001bf4       0x14 build/Default/production/src/protected_io.o
 .debug_abbrev  0x0000000000001c08       0xcb build/Default/production/src/slpctrl.o
 .debug_abbrev  0x0000000000001cd3       0xf9 build/Default/production/src/tca.o
 .debug_abbrev  0x0000000000001dcc      0x13b build/Default/production/src/usart_basic.o
 .debug_abbrev  0x0000000000001f07       0x97 build/Default/production/src/ac.o
 .debug_abbrev  0x0000000000001f9e       0x60 build/Default/production/src/vref.o
 .debug_abbrev  0x0000000000001ffe      0x1ce build/Default/production/main.o
 .debug_abbrev  0x00000000000021cc      0x20c build/Default/production/driver_isr.o
 .debug_abbrev  0x00000000000023d8       0x58 build/Default/production/atmel_start.o
 .debug_abbrev  0x0000000000002430      0x219 build/Default/production/Inv_Ctrlr.o

.debug_line     0x0000000000000000     0x11f7
 *(.debug_line .debug_line.* .debug_line_end)
 .debug_line    0x0000000000000000      0x136 C:/Program Files/Microchip/xc8/v3.00/dfp/xc8/avr/lib/avrxmega3/short-calls/crtattiny417.o
 .debug_line    0x0000000000000136      0x2e2 build/Default/production/src/driver_init.o
 .debug_line    0x0000000000000418       0x85 build/Default/production/src/bod.o
 .debug_line    0x000000000000049d       0xcf build/Default/production/src/clkctrl.o
 .debug_line    0x000000000000056c       0x88 build/Default/production/src/cpuint.o
 .debug_line    0x00000000000005f4       0x52 build/Default/production/src/protected_io.o
 .debug_line    0x0000000000000646       0xb8 build/Default/production/src/slpctrl.o
 .debug_line    0x00000000000006fe       0xce build/Default/production/src/tca.o
 .debug_line    0x00000000000007cc      0x1da build/Default/production/src/usart_basic.o
 .debug_line    0x00000000000009a6       0xaf build/Default/production/src/ac.o
 .debug_line    0x0000000000000a55       0xab build/Default/production/src/vref.o
 .debug_line    0x0000000000000b00      0x177 build/Default/production/main.o
 .debug_line    0x0000000000000c77      0x259 build/Default/production/driver_isr.o
 .debug_line    0x0000000000000ed0       0x5c build/Default/production/atmel_start.o
 .debug_line    0x0000000000000f2c      0x2cb build/Default/production/Inv_Ctrlr.o

.debug_frame    0x0000000000000000      0x3ec
 *(.debug_frame)
 .debug_frame   0x0000000000000000       0x64 build/Default/production/src/driver_init.o
 .debug_frame   0x0000000000000064       0x24 build/Default/production/src/bod.o
 .debug_frame   0x0000000000000088       0x24 build/Default/production/src/clkctrl.o
 .debug_frame   0x00000000000000ac       0x24 build/Default/production/src/cpuint.o
 .debug_frame   0x00000000000000d0       0x34 build/Default/production/src/slpctrl.o
 .debug_frame   0x0000000000000104       0x24 build/Default/production/src/tca.o
 .debug_frame   0x0000000000000128       0xc4 build/Default/production/src/usart_basic.o
 .debug_frame   0x00000000000001ec       0x24 build/Default/production/src/ac.o
 .debug_frame   0x0000000000000210       0x24 build/Default/production/src/vref.o
 .debug_frame   0x0000000000000234       0x24 build/Default/production/main.o
 .debug_frame   0x0000000000000258       0x9c build/Default/production/driver_isr.o
 .debug_frame   0x00000000000002f4       0x24 build/Default/production/atmel_start.o
 .debug_frame   0x0000000000000318       0xd4 build/Default/production/Inv_Ctrlr.o

.debug_str      0x0000000000000000      0xcf9
 *(.debug_str)
 .debug_str     0x0000000000000000      0xab9 C:/Program Files/Microchip/xc8/v3.00/dfp/xc8/avr/lib/avrxmega3/short-calls/crtattiny417.o
 .debug_str     0x0000000000000ab9       0x8f build/Default/production/src/driver_init.o
 .debug_str     0x0000000000000b48        0x0 build/Default/production/src/bod.o
 .debug_str     0x0000000000000b48       0x13 build/Default/production/src/clkctrl.o
 .debug_str     0x0000000000000b5b        0x0 build/Default/production/src/cpuint.o
 .debug_str     0x0000000000000b5b        0x0 build/Default/production/src/slpctrl.o
 .debug_str     0x0000000000000b5b       0x52 build/Default/production/src/tca.o
 .debug_str     0x0000000000000bad        0x0 build/Default/production/src/usart_basic.o
 .debug_str     0x0000000000000bad        0x0 build/Default/production/src/ac.o
 .debug_str     0x0000000000000bad        0x0 build/Default/production/src/vref.o
 .debug_str     0x0000000000000bad       0x8e build/Default/production/main.o
 .debug_str     0x0000000000000c3b       0x60 build/Default/production/driver_isr.o
 .debug_str     0x0000000000000c9b        0xc build/Default/production/atmel_start.o
 .debug_str     0x0000000000000ca7       0x52 build/Default/production/Inv_Ctrlr.o

.debug_loc      0x0000000000000000      0x97e
 *(.debug_loc)
 .debug_loc     0x0000000000000000      0x5b4 build/Default/production/src/driver_init.o
 .debug_loc     0x00000000000005b4       0x52 build/Default/production/src/clkctrl.o
 .debug_loc     0x0000000000000606       0x21 build/Default/production/src/slpctrl.o
 .debug_loc     0x0000000000000627       0x50 build/Default/production/main.o
 .debug_loc     0x0000000000000677      0x2a8 build/Default/production/driver_isr.o
 .debug_loc     0x000000000000091f       0x5f build/Default/production/Inv_Ctrlr.o

.debug_macinfo
 *(.debug_macinfo)

.debug_weaknames
 *(.debug_weaknames)

.debug_funcnames
 *(.debug_funcnames)

.debug_typenames
 *(.debug_typenames)

.debug_varnames
 *(.debug_varnames)

.debug_pubtypes
 *(.debug_pubtypes)

.debug_ranges   0x0000000000000000      0x1c0
 *(.debug_ranges)
 .debug_ranges  0x0000000000000000       0x30 build/Default/production/src/driver_init.o
 .debug_ranges  0x0000000000000030       0x10 build/Default/production/src/bod.o
 .debug_ranges  0x0000000000000040       0x10 build/Default/production/src/clkctrl.o
 .debug_ranges  0x0000000000000050       0x10 build/Default/production/src/cpuint.o
 .debug_ranges  0x0000000000000060       0x18 build/Default/production/src/slpctrl.o
 .debug_ranges  0x0000000000000078       0x10 build/Default/production/src/tca.o
 .debug_ranges  0x0000000000000088       0x60 build/Default/production/src/usart_basic.o
 .debug_ranges  0x00000000000000e8       0x10 build/Default/production/src/ac.o
 .debug_ranges  0x00000000000000f8       0x10 build/Default/production/src/vref.o
 .debug_ranges  0x0000000000000108       0x10 build/Default/production/main.o
 .debug_ranges  0x0000000000000118       0x40 build/Default/production/driver_isr.o
 .debug_ranges  0x0000000000000158       0x10 build/Default/production/atmel_start.o
 .debug_ranges  0x0000000000000168       0x58 build/Default/production/Inv_Ctrlr.o

.debug_macro
 *(.debug_macro)
OUTPUT(dist/Default/production/Invertor_Controller.X.production.elf elf32-avr)
LOAD linker stubs
LOAD data_init

.note.gnu.avr.deviceinfo
                0x0000000000000000       0x3c
 .note.gnu.avr.deviceinfo
                0x0000000000000000       0x3c C:/Program Files/Microchip/xc8/v3.00/dfp/xc8/avr/lib/avrxmega3/short-calls/crtattiny417.o

.bss.I_Limit_cntr
                0x0000000000803f00        0x2
 .bss.I_Limit_cntr
                0x0000000000803f00        0x2 build/Default/production/main.o
                0x0000000000803f00                I_Limit_cntr

.bss.SD_wait_cntr
                0x0000000000803f0e        0x1
 .bss.SD_wait_cntr
                0x0000000000803f0e        0x1 build/Default/production/main.o
                0x0000000000803f0e                SD_wait_cntr

.bss.softstop_max
                0x0000000000803f02        0x2
 .bss.softstop_max
                0x0000000000803f02        0x2 build/Default/production/main.o
                0x0000000000803f02                softstop_max

.bss.softstart_max
                0x0000000000803f04        0x2
 .bss.softstart_max
                0x0000000000803f04        0x2 build/Default/production/main.o
                0x0000000000803f04                softstart_max

.bss.softstart_old
                0x0000000000803f06        0x2
 .bss.softstart_old
                0x0000000000803f06        0x2 build/Default/production/main.o
                0x0000000000803f06                softstart_old

.bss.softstart  0x0000000000803f08        0x2
 .bss.softstart
                0x0000000000803f08        0x2 build/Default/production/main.o
                0x0000000000803f08                softstart

.bss.Dead_time_u8
                0x0000000000803f0a        0x2
 .bss.Dead_time_u8
                0x0000000000803f0a        0x2 build/Default/production/main.o
                0x0000000000803f0a                Dead_time_u8

.bss.old_freq_switch
                0x0000000000803f0f        0x1
 .bss.old_freq_switch
                0x0000000000803f0f        0x1 build/Default/production/main.o
                0x0000000000803f0f                old_freq_switch

.bss.Pwm_Drv_Channel
                0x0000000000803f10        0x1
 .bss.Pwm_Drv_Channel
                0x0000000000803f10        0x1 build/Default/production/main.o
                0x0000000000803f10                Pwm_Drv_Channel

.bss.Pwm_old_u16
                0x0000000000803f0c        0x2
 .bss.Pwm_old_u16
                0x0000000000803f0c        0x2 build/Default/production/main.o
                0x0000000000803f0c                Pwm_old_u16

.text.data_init
                0x000000000000008a       0xaa
 .text.data_init
                0x000000000000008a       0xaa build/Default/production/Inv_Ctrlr.o
                0x000000000000008a                data_init

.text.system_init
                0x0000000000000134       0x84
 .text.system_init
                0x0000000000000134       0x84 build/Default/production/src/driver_init.o
                0x0000000000000134                system_init

.text.__vector_4
                0x00000000000001b8       0x58
 .text.__vector_4
                0x00000000000001b8       0x58 build/Default/production/driver_isr.o
                0x00000000000001b8                __vector_4

.text.main      0x0000000000000210       0x50
 .text.main     0x0000000000000210       0x50 build/Default/production/main.o
                0x0000000000000210                main

.text.__vector_10
                0x0000000000000260       0x50
 .text.__vector_10
                0x0000000000000260       0x50 build/Default/production/driver_isr.o
                0x0000000000000260                __vector_10

.text.mcu_init  0x00000000000002b0       0x38
 .text.mcu_init
                0x00000000000002b0       0x38 build/Default/production/src/driver_init.o
                0x00000000000002b0                mcu_init

.text.__vector_16
                0x00000000000002e8       0x2e
 .text.__vector_16
                0x00000000000002e8       0x2e build/Default/production/driver_isr.o
                0x00000000000002e8                __vector_16

.text.TIMER_0_init
                0x0000000000000316       0x2c
 .text.TIMER_0_init
                0x0000000000000316       0x2c build/Default/production/src/tca.o
                0x0000000000000316                TIMER_0_init

.rodata.pwm_freq_tbl
                0x0000000000808342       0x20 load address 0x0000000000000342
 .rodata.pwm_freq_tbl
                0x0000000000808342       0x20 build/Default/production/Inv_Ctrlr.o
                0x0000000000808342                pwm_freq_tbl

.rodata.pwm_tbl
                0x0000000000808362       0x20 load address 0x0000000000000362
 .rodata.pwm_tbl
                0x0000000000808362       0x20 build/Default/production/Inv_Ctrlr.o
                0x0000000000808362                pwm_tbl

.text.CLKCTRL_init
                0x0000000000000382       0x18
 .text.CLKCTRL_init
                0x0000000000000382       0x18 build/Default/production/src/clkctrl.o
                0x0000000000000382                CLKCTRL_init

.text.AC_0_initialization
                0x000000000000039a       0x16
 .text.AC_0_initialization
                0x000000000000039a       0x16 build/Default/production/src/driver_init.o
                0x000000000000039a                AC_0_initialization

.text.set_output_5Khz
                0x00000000000003b0       0x16
 .text.set_output_5Khz
                0x00000000000003b0       0x16 build/Default/production/Inv_Ctrlr.o
                0x00000000000003b0                set_output_5Khz

.text.set_output_31Khz
                0x00000000000003c6       0x16
 .text.set_output_31Khz
                0x00000000000003c6       0x16 build/Default/production/Inv_Ctrlr.o
                0x00000000000003c6                set_output_31Khz

.text.USART_0_initialization
                0x00000000000003dc       0x14
 .text.USART_0_initialization
                0x00000000000003dc       0x14 build/Default/production/src/driver_init.o
                0x00000000000003dc                USART_0_initialization

.text.USART_0_init
                0x00000000000003f0       0x14
 .text.USART_0_init
                0x00000000000003f0       0x14 build/Default/production/src/usart_basic.o
                0x00000000000003f0                USART_0_init

.text.AC_0_init
                0x0000000000000404       0x14
 .text.AC_0_init
                0x0000000000000404       0x14 build/Default/production/src/ac.o
                0x0000000000000404                AC_0_init

.text.io_init   0x0000000000000418       0x14
 .text.io_init  0x0000000000000418       0x14 build/Default/production/Inv_Ctrlr.o
                0x0000000000000418                io_init

.text.rd_new_softstart
                0x000000000000042c       0x14
 .text.rd_new_softstart
                0x000000000000042c       0x14 build/Default/production/Inv_Ctrlr.o
                0x000000000000042c                rd_new_softstart

.text.__vector_8
                0x0000000000000440       0x12
 .text.__vector_8
                0x0000000000000440       0x12 build/Default/production/driver_isr.o
                0x0000000000000440                __vector_8

.text.__vector_11
                0x0000000000000452       0x12
 .text.__vector_11
                0x0000000000000452       0x12 build/Default/production/driver_isr.o
                0x0000000000000452                __vector_11

.text.__vector_12
                0x0000000000000464       0x12
 .text.__vector_12
                0x0000000000000464       0x12 build/Default/production/driver_isr.o
                0x0000000000000464                __vector_12

.text.VREF_0_init
                0x0000000000000476        0xe
 .text.VREF_0_init
                0x0000000000000476        0xe build/Default/production/src/vref.o
                0x0000000000000476                VREF_0_init

.text.exit      0x0000000000000484        0xe
 .text.exit     0x0000000000000484        0xe c:/program files/microchip/xc8/v3.00/avr/bin/../lib/gcc/avr/5.4.0/../../../../avr/lib/avrxmega3/short-calls\libc.a(exit.o)
                0x0000000000000484                exit

.text.TIMER_0_initialization
                0x0000000000000492        0xc
 .text.TIMER_0_initialization
                0x0000000000000492        0xc build/Default/production/src/driver_init.o
                0x0000000000000492                TIMER_0_initialization

.text.INV_DIP_SW_SOFTATART
                0x000000000000049e        0xc
 .text.INV_DIP_SW_SOFTATART
                0x000000000000049e        0xc build/Default/production/Inv_Ctrlr.o
                0x000000000000049e                INV_DIP_SW_SOFTATART

.text.protected_write_io
                0x00000000000004aa        0x8
 .text.protected_write_io
                0x00000000000004aa        0x8 build/Default/production/src/protected_io.o
                0x00000000000004aa                protected_write_io

.rodata.pwm_softstart_tbl
                0x00000000008084b2        0x8 load address 0x00000000000004b2
 .rodata.pwm_softstart_tbl
                0x00000000008084b2        0x8 build/Default/production/Inv_Ctrlr.o
                0x00000000008084b2                pwm_softstart_tbl

.text.BOD_init  0x00000000000004ba        0x4
 .text.BOD_init
                0x00000000000004ba        0x4 build/Default/production/src/bod.o
                0x00000000000004ba                BOD_init

.text.CPUINT_init
                0x00000000000004be        0x4
 .text.CPUINT_init
                0x00000000000004be        0x4 build/Default/production/src/cpuint.o
                0x00000000000004be                CPUINT_init

.text.SLPCTRL_init
                0x00000000000004c2        0x4
 .text.SLPCTRL_init
                0x00000000000004c2        0x4 build/Default/production/src/slpctrl.o
                0x00000000000004c2                SLPCTRL_init

.text.atmel_start_init
                0x00000000000004c6        0x4
 .text.atmel_start_init
                0x00000000000004c6        0x4 build/Default/production/atmel_start.o
                0x00000000000004c6                atmel_start_init

.text           0x00000000000004ca        0x2
 .text          0x00000000000004ca        0x2 C:/Program Files/Microchip/xc8/v3.00/dfp/xc8/avr/lib/avrxmega3/short-calls/crtattiny417.o
                0x00000000000004ca                __vector_22
                0x00000000000004ca                __vector_1
                0x00000000000004ca                __vector_24
                0x00000000000004ca                __bad_interrupt
                0x00000000000004ca                __vector_6
                0x00000000000004ca                __vector_3
                0x00000000000004ca                __vector_23
                0x00000000000004ca                __vector_25
                0x00000000000004ca                __vector_13
                0x00000000000004ca                __vector_17
                0x00000000000004ca                __vector_19
                0x00000000000004ca                __vector_7
                0x00000000000004ca                __vector_9
                0x00000000000004ca                __vector_2
                0x00000000000004ca                __vector_21
                0x00000000000004ca                __vector_15
                0x00000000000004ca                __vector_14
                0x00000000000004ca                __vector_18
                0x00000000000004ca                __vector_20

.text.__vector_5
                0x00000000000004cc        0x2
 .text.__vector_5
                0x00000000000004cc        0x2 build/Default/production/driver_isr.o
                0x00000000000004cc                __vector_5

.text.__dummy_fini
                0x00000000000004ce        0x2
 .text.__dummy_fini
                0x00000000000004ce        0x2 c:/program files/microchip/xc8/v3.00/avr/bin/../lib/gcc/avr/5.4.0/../../../../avr/lib/avrxmega3/short-calls\libc.a(exit.o)
                0x00000000000004ce                _fini

.text.__dummy_funcs_on_exit
                0x00000000000004d0        0x2
 .text.__dummy_funcs_on_exit
                0x00000000000004d0        0x2 c:/program files/microchip/xc8/v3.00/avr/bin/../lib/gcc/avr/5.4.0/../../../../avr/lib/avrxmega3/short-calls\libc.a(exit.o)
                0x00000000000004d0                __funcs_on_exit

.text.__dummy_simulator_exit
                0x00000000000004d2        0x2
 .text.__dummy_simulator_exit
                0x00000000000004d2        0x2 c:/program files/microchip/xc8/v3.00/avr/bin/../lib/gcc/avr/5.4.0/../../../../avr/lib/avrxmega3/short-calls\libc.a(exit.o)
                0x00000000000004d2                __simulator_exit

.text._Exit     0x00000000000004d4        0x2
 .text._Exit    0x00000000000004d4        0x2 c:/program files/microchip/xc8/v3.00/avr/bin/../lib/gcc/avr/5.4.0/../../../../avr/lib/avrxmega3/short-calls\libc.a(_Exit.o)
                0x00000000000004d4                _Exit
